strac/align/align/annotations/Aligner.class
strac/align/align/data_structures/BufferedCostMatrix.class
strac/align/models/OutputDto$Location.class
strac/align/align/implementations/FastDTW.class
strac/align/interpreter/dto/Mapping.class
strac/align/align/AlignDistance.class
strac/align/align/implementations/WindowedDTW$Window.class
strac/align/align/Cell$ITypeAdaptor.class
strac/align/align/data_structures/DoubleCostMatrix.class
strac/align/align/Aligner.class
strac/align/interpreter/dto/Alignment$Comparison.class
strac/align/align/implementations/WindowedDTW$Window$RowIterator.class
strac/align/align/ICellComparer$TRACE_DISCRIMINATOR.class
strac/align/align/Cell.class
strac/align/interpreter/AlignInterpreter$IOnAlign.class
strac/align/align/IAlignComparer.class
strac/align/align/data_structures/InMemoryWarpPath.class
strac/align/scripts/Align.class
strac/align/utils/AlignServiceProvider.class
strac/align/models/AlignResultDto.class
strac/align/models/OutputDto$LocationPoint.class
strac/align/align/implementations/DTW.class
strac/align/align/ICellComparer.class
strac/align/interpreter/dto/Alignment.class
strac/align/align/implementations/WindowedDTW.class
strac/align/models/OutputDto.class
strac/align/utils/DWTHelper.class
strac/align/interpreter/AlignInterpreter$KeyValuePair.class
strac/align/align/data_structures/InMemoryMultidimensional.class
strac/align/interpreter/AlignInterpreter$1.class
strac/align/interpreter/dto/Payload$MethodInfo.class
strac/align/align/data_structures/BufferedWarpPath.class
strac/align/scripts/Mapping.class
strac/align/interpreter/AlignInterpreter.class
strac/align/interpreter/dto/Payload.class
strac/align/align/annotations/EventDistance.class
strac/align/align/Cell$1.class
strac/align/align/implementations/IImplementationInfo.class
strac/align/align/event_distance/DInst.class
strac/align/utils/IAlignAllocator.class
strac/align/utils/AlignAllocator.class
strac/align/models/OutputDto$MutationInfo.class
strac/align/align/data_structures/InMemoryWarpPath$Iterator.class
