/Users/javierca/Documents/IdeaProjects/STRAC/STRACAlign/src/main/java/strac/align/scripts/Align.java
/Users/javierca/Documents/IdeaProjects/STRAC/STRACAlign/src/main/java/strac/align/align/ICellComparer.java
/Users/javierca/Documents/IdeaProjects/STRAC/STRACAlign/src/main/java/strac/align/models/OutputDto.java
/Users/javierca/Documents/IdeaProjects/STRAC/STRACAlign/src/main/java/strac/align/interpreter/AlignInterpreter.java
/Users/javierca/Documents/IdeaProjects/STRAC/STRACAlign/src/main/java/strac/align/align/implementations/FastDTW.java
/Users/javierca/Documents/IdeaProjects/STRAC/STRACAlign/src/main/java/strac/align/interpreter/dto/Mapping.java
/Users/javierca/Documents/IdeaProjects/STRAC/STRACAlign/src/main/java/strac/align/align/Cell.java
/Users/javierca/Documents/IdeaProjects/STRAC/STRACAlign/src/main/java/strac/align/align/IAlignComparer.java
/Users/javierca/Documents/IdeaProjects/STRAC/STRACAlign/src/main/java/strac/align/utils/AlignAllocator.java
/Users/javierca/Documents/IdeaProjects/STRAC/STRACAlign/src/main/java/strac/align/models/AlignResultDto.java
/Users/javierca/Documents/IdeaProjects/STRAC/STRACAlign/src/main/java/strac/align/align/data_structures/DoubleCostMatrix.java
/Users/javierca/Documents/IdeaProjects/STRAC/STRACAlign/src/main/java/strac/align/align/annotations/EventDistance.java
/Users/javierca/Documents/IdeaProjects/STRAC/STRACAlign/src/main/java/strac/align/interpreter/dto/Payload.java
/Users/javierca/Documents/IdeaProjects/STRAC/STRACAlign/src/main/java/strac/align/align/data_structures/BufferedWarpPath.java
/Users/javierca/Documents/IdeaProjects/STRAC/STRACAlign/src/main/java/strac/align/align/data_structures/InMemoryWarpPath.java
/Users/javierca/Documents/IdeaProjects/STRAC/STRACAlign/src/main/java/strac/align/align/implementations/DTW.java
/Users/javierca/Documents/IdeaProjects/STRAC/STRACAlign/src/main/java/strac/align/align/data_structures/InMemoryMultidimensional.java
/Users/javierca/Documents/IdeaProjects/STRAC/STRACAlign/src/main/java/strac/align/scripts/Mapping.java
/Users/javierca/Documents/IdeaProjects/STRAC/STRACAlign/src/main/java/strac/align/align/implementations/WindowedDTW.java
/Users/javierca/Documents/IdeaProjects/STRAC/STRACAlign/src/main/java/strac/align/align/event_distance/DInst.java
/Users/javierca/Documents/IdeaProjects/STRAC/STRACAlign/src/main/java/strac/align/align/AlignDistance.java
/Users/javierca/Documents/IdeaProjects/STRAC/STRACAlign/src/main/java/strac/align/align/Aligner.java
/Users/javierca/Documents/IdeaProjects/STRAC/STRACAlign/src/main/java/strac/align/utils/AlignServiceProvider.java
/Users/javierca/Documents/IdeaProjects/STRAC/STRACAlign/src/main/java/strac/align/interpreter/dto/Alignment.java
/Users/javierca/Documents/IdeaProjects/STRAC/STRACAlign/src/main/java/strac/align/utils/DWTHelper.java
/Users/javierca/Documents/IdeaProjects/STRAC/STRACAlign/src/main/java/strac/align/align/data_structures/BufferedCostMatrix.java
/Users/javierca/Documents/IdeaProjects/STRAC/STRACAlign/src/main/java/strac/align/align/implementations/IImplementationInfo.java
/Users/javierca/Documents/IdeaProjects/STRAC/STRACAlign/src/main/java/strac/align/align/annotations/Aligner.java
/Users/javierca/Documents/IdeaProjects/STRAC/STRACAlign/src/main/java/strac/align/utils/IAlignAllocator.java
